====================================================================
TEMSILCILER
====================================================================
  yaprak temsilcisi : 1205  (analysis_out/representatives_by_leaf.fasta)
  kume tip dizisi   : 57  (analysis_out/representatives_by_cluster.fasta)

====================================================================
"BUNLAR KATALITIK PROTEIN BAZLI MI?" -- EVET
====================================================================
  Analiz birimi RO alpha alt birimi: Rieske [2Fe-2S] + mononukleer
  Fe(II) KATALITIK merkezini birlikte tasiyan tek alt birim.

  Temsilcilerde (1205):
    Rieske merkezi tam    : 1205  (%100.0)
    Katalitik triad tam   : 1205  (%100.0)
    HER IKISI birden      : 1205  (%100.0)

  Katalitik triad eksik gorunenler genelde subaile hizalama kaymasi;
  Rieske+katalitik ikisi de tam olanlar kesin katalitik alpha subunit.

[yazildi] analysis_out/representatives.csv

Ornek kume tip dizileri:
  1_102_CARDO      tip=1_102_CARDO#0      temsilci=WP_013417407.1  (Prescottella equi)
  1_104_VanA       tip=1_104_VanA#0       temsilci=WP_007940325.1  (Pseudomonas sp. GM18)
  1_105_DdmC       tip=1_105_DdmC#0       temsilci=XP_012444666.1  (Gossypium raimondii)
  1_106_TsaM       tip=1_106_TsaM#0       temsilci=WP_059631446.1  (Burkholderia ubonensis)
  1_107_CndA       tip=1_107_CndA#0       temsilci=XP_012472949.1  (Gossypium raimondii)
  1_108_PobA       tip=1_108_PobA#0       temsilci=WP_006046828.1  (Paraburkholderia graminis )
  1_109_LigX       tip=1_109_LigX#0       temsilci=WP_056589975.1  (Variovorax sp. Root434)
  1_110_SxtT       tip=1_110_SxtT#0       temsilci=WP_059529600.1  (Burkholderia ubonensis)
