[cift] 992 referans cifti, 992 tanesinde iki substrat da biliniyor (28 tanesi ayni substrat)
[AUC] tam substrat : 0.866
[AUC] substrat sinifi: 0.685  (n=992)

[egri] 'kimlik >= esik ise ayni substrat' kuralinin kesinligi:
   taban oran (prevalence): 0.0282
    esik   cift   ayni  farkli  kesinlik   lift  duyarlilik
     25%    947     28     919    0.0296   1.05         1.0
     30%    633     28     605    0.0442   1.57         1.0
     35%    358     26     332    0.0726   2.57      0.9286
     40%    179     18     161    0.1006   3.56      0.6429
     45%    122     17     105    0.1393   4.94      0.6071
     50%     97     14      83    0.1443   5.11         0.5
     55%     82     11      71    0.1341   4.75      0.3929
     60%     76     11      65    0.1447   5.13      0.3929
     65%     54     11      43    0.2037   7.22      0.3929
     70%     43      8      35     0.186   6.59      0.2857
     75%     35      6      29    0.1714   6.07      0.2143
     80%     29      4      25    0.1379   4.89      0.1429
     85%     22      4      18    0.1818   6.44      0.1429
     90%     16      4      12      0.25   8.86      0.1429
     95%      6      4       2    0.6667  23.62      0.1429
     99%      6      4       2    0.6667  23.62      0.1429

[sinif] taban oran 0.8246 -- sinif duzeyinde yuksek kesinlik buyuk olcude bu taban orandan gelir, lift'e bakilmali:
     30% kesinlik 0.9005 lift 1.09
     50% kesinlik 0.9897 lift 1.2
     70% kesinlik 1.0 lift 1.21
     90% kesinlik 1.0 lift 1.21

[esik] tam substrat icin %90 kesinlik: HICBIR ESIKTE YOK
[esik] substrat sinifi icin %90 kesinlik: 30
[en kotu] 1_114_NdmB / 1_115_NdmC %100.0 kimlik, caffeine vs 7-methylxanthine
[yazildi] analysis_out/substrate_predictability.json
