[pages] fixed
[pages] atlas
[pages] 61 clusters
[pages] 1790 leaves
[pages] 11422 entries
   1000/11422
   2000/11422
   3000/11422
   4000/11422
   5000/11422
   6000/11422
   7000/11422
   8000/11422
   9000/11422
   10000/11422
   11000/11422
[downloads] bulk
[search] index
[done] site
363M	site
Auto packing the repository in background for optimum performance.
See "git help gc" for manual housekeeping.
To github-prosimblast:recepcanaltinbag/pro-sim-blast.git
 + bfa095f...73252fb gh-pages -> gh-pages (forced update)
gonderildi: git@github-prosimblast:recepcanaltinbag/pro-sim-blast.git -> gh-pages. GitHub > Settings > Pages > Branch: gh-pages
EXIT 0
